[2026-08-25 09:55:17Z INFO HostContext] No proxy settings were found based on environmental variables (http_proxy/https_proxy/HTTP_PROXY/HTTPS_PROXY)
[2026-08-25 09:55:17Z INFO HostContext] Well known directory 'Bin': 'D:\profinansy_tests_web\actions-runner\bin'
[2026-08-25 09:55:17Z INFO HostContext] Well known directory 'Root': 'D:\profinansy_tests_web\actions-runner'
[2026-08-25 09:55:17Z INFO HostContext] Well known config file 'Credentials': 'D:\profinansy_tests_web\actions-runner\.credentials'
[2026-08-25 09:55:17Z INFO HostContext] Well known directory 'Bin': 'D:\profinansy_tests_web\actions-runner\bin'
[2026-08-25 09:55:17Z INFO HostContext] Well known directory 'Root': 'D:\profinansy_tests_web\actions-runner'
[2026-08-25 09:55:17Z INFO HostContext] Well known config file 'Runner': 'D:\profinansy_tests_web\actions-runner\.runner'
[2026-08-25 09:55:17Z INFO Listener] Runner is built for Windows (X64) - win-x64.
[2026-08-25 09:55:17Z INFO Listener] RuntimeInformation: Microsoft Windows 10.0.26200.
[2026-08-25 09:55:17Z INFO Listener] Version: 2.336.0
[2026-08-25 09:55:17Z INFO Listener] Commit: 98aabcd429c4e8402406c56ce2d26387fed3b9ce
[2026-08-25 09:55:17Z INFO Listener] Culture: en-US
[2026-08-25 09:55:17Z INFO Listener] UI Culture: en-US
[2026-08-25 09:55:17Z INFO HostContext] Well known directory 'Bin': 'D:\profinansy_tests_web\actions-runner\bin'
[2026-08-25 09:55:17Z INFO HostContext] Well known directory 'Root': 'D:\profinansy_tests_web\actions-runner'
[2026-08-25 09:55:17Z INFO Listener] Validating directory permissions for: 'D:\profinansy_tests_web\actions-runner'
[2026-08-25 09:55:17Z INFO CommandLineParser] Parse
[2026-08-25 09:55:17Z INFO CommandLineParser] Parsing 1 args
[2026-08-25 09:55:17Z INFO CommandLineParser] parsing argument
[2026-08-25 09:55:17Z INFO CommandLineParser] HasArgs: False
[2026-08-25 09:55:17Z INFO CommandLineParser] Adding Command: run
[2026-08-25 09:55:17Z INFO Listener] Arguments parsed
[2026-08-25 09:55:17Z INFO Runner] ExecuteCommand
[2026-08-25 09:55:17Z INFO ConfigurationStore] currentAssemblyLocation: D:\profinansy_tests_web\actions-runner\bin\Runner.Listener.dll
[2026-08-25 09:55:17Z INFO HostContext] Well known directory 'Bin': 'D:\profinansy_tests_web\actions-runner\bin'
[2026-08-25 09:55:17Z INFO ConfigurationStore] binPath: D:\profinansy_tests_web\actions-runner\bin
[2026-08-25 09:55:17Z INFO HostContext] Well known directory 'Bin': 'D:\profinansy_tests_web\actions-runner\bin'
[2026-08-25 09:55:17Z INFO HostContext] Well known directory 'Root': 'D:\profinansy_tests_web\actions-runner'
[2026-08-25 09:55:17Z INFO ConfigurationStore] RootFolder: D:\profinansy_tests_web\actions-runner
[2026-08-25 09:55:17Z INFO HostContext] Well known directory 'Bin': 'D:\profinansy_tests_web\actions-runner\bin'
[2026-08-25 09:55:17Z INFO HostContext] Well known directory 'Root': 'D:\profinansy_tests_web\actions-runner'
[2026-08-25 09:55:17Z INFO HostContext] Well known config file 'Runner': 'D:\profinansy_tests_web\actions-runner\.runner'
[2026-08-25 09:55:17Z INFO ConfigurationStore] ConfigFilePath: D:\profinansy_tests_web\actions-runner\.runner
[2026-08-25 09:55:17Z INFO HostContext] Well known directory 'Bin': 'D:\profinansy_tests_web\actions-runner\bin'
[2026-08-25 09:55:17Z INFO HostContext] Well known directory 'Root': 'D:\profinansy_tests_web\actions-runner'
[2026-08-25 09:55:17Z INFO HostContext] Well known config file 'MigratedRunner': 'D:\profinansy_tests_web\actions-runner\.runner_migrated'
[2026-08-25 09:55:17Z INFO ConfigurationStore] MigratedConfigFilePath: D:\profinansy_tests_web\actions-runner\.runner_migrated
[2026-08-25 09:55:17Z INFO HostContext] Well known directory 'Bin': 'D:\profinansy_tests_web\actions-runner\bin'
[2026-08-25 09:55:17Z INFO HostContext] Well known directory 'Root': 'D:\profinansy_tests_web\actions-runner'
[2026-08-25 09:55:17Z INFO HostContext] Well known config file 'Credentials': 'D:\profinansy_tests_web\actions-runner\.credentials'
[2026-08-25 09:55:17Z INFO ConfigurationStore] CredFilePath: D:\profinansy_tests_web\actions-runner\.credentials
[2026-08-25 09:55:17Z INFO HostContext] Well known directory 'Bin': 'D:\profinansy_tests_web\actions-runner\bin'
[2026-08-25 09:55:17Z INFO HostContext] Well known directory 'Root': 'D:\profinansy_tests_web\actions-runner'
[2026-08-25 09:55:17Z INFO HostContext] Well known config file 'MigratedCredentials': 'D:\profinansy_tests_web\actions-runner\.credentials_migrated'
[2026-08-25 09:55:17Z INFO ConfigurationStore] MigratedCredFilePath: D:\profinansy_tests_web\actions-runner\.credentials_migrated
[2026-08-25 09:55:17Z INFO HostContext] Well known directory 'Bin': 'D:\profinansy_tests_web\actions-runner\bin'
[2026-08-25 09:55:17Z INFO HostContext] Well known directory 'Root': 'D:\profinansy_tests_web\actions-runner'
[2026-08-25 09:55:17Z INFO HostContext] Well known config file 'Service': 'D:\profinansy_tests_web\actions-runner\.service'
[2026-08-25 09:55:17Z INFO ConfigurationStore] ServiceConfigFilePath: D:\profinansy_tests_web\actions-runner\.service
[2026-08-25 09:55:17Z INFO CommandSettings] Flag 'help': 'False'
[2026-08-25 09:55:17Z INFO CommandSettings] Flag 'version': 'False'
[2026-08-25 09:55:17Z INFO CommandSettings] Flag 'commit': 'False'
[2026-08-25 09:55:17Z INFO CommandSettings] Flag 'check': 'False'
[2026-08-25 09:55:17Z INFO CommandSettings] Command 'configure': 'False'
[2026-08-25 09:55:17Z INFO CommandSettings] Command 'remove': 'False'
[2026-08-25 09:55:17Z INFO CommandSettings] Command 'warmup': 'False'
[2026-08-25 09:55:17Z INFO ConfigurationManager] LoadSettings
[2026-08-25 09:55:17Z INFO ConfigurationStore] IsConfigured()
[2026-08-25 09:55:17Z INFO ConfigurationStore] IsConfigured: False
[2026-08-25 09:55:17Z INFO ConfigurationManager] Is configured: False
[2026-08-25 09:55:17Z ERR  Terminal] WRITE ERROR: An error occurred: Not configured. Run config.(sh/cmd) to configure the runner.
[2026-08-25 09:55:17Z ERR  Listener] GitHub.Runner.Common.NonRetryableException: Not configured. Run config.(sh/cmd) to configure the runner.
   at GitHub.Runner.Listener.Configuration.ConfigurationManager.LoadSettings()
   at GitHub.Runner.Listener.Runner.ExecuteCommand(CommandSettings command)
   at GitHub.Runner.Listener.Program.MainAsync(IHostContext context, String[] args)
