[2026-08-25 11:20:54Z INFO HostContext] No proxy settings were found based on environmental variables (http_proxy/https_proxy/HTTP_PROXY/HTTPS_PROXY)
[2026-08-25 11:20:54Z INFO HostContext] Well known directory 'Bin': 'D:\profinansy_tests_web\actions-runner\bin'
[2026-08-25 11:20:54Z INFO HostContext] Well known directory 'Root': 'D:\profinansy_tests_web\actions-runner'
[2026-08-25 11:20:54Z INFO HostContext] Well known config file 'Credentials': 'D:\profinansy_tests_web\actions-runner\.credentials'
[2026-08-25 11:20:54Z INFO HostContext] Well known directory 'Bin': 'D:\profinansy_tests_web\actions-runner\bin'
[2026-08-25 11:20:54Z INFO HostContext] Well known directory 'Root': 'D:\profinansy_tests_web\actions-runner'
[2026-08-25 11:20:54Z INFO HostContext] Well known config file 'Runner': 'D:\profinansy_tests_web\actions-runner\.runner'
[2026-08-25 11:20:54Z INFO Listener] Runner is built for Windows (X64) - win-x64.
[2026-08-25 11:20:54Z INFO Listener] RuntimeInformation: Microsoft Windows 10.0.26200.
[2026-08-25 11:20:54Z INFO Listener] Version: 2.336.0
[2026-08-25 11:20:54Z INFO Listener] Commit: 98aabcd429c4e8402406c56ce2d26387fed3b9ce
[2026-08-25 11:20:54Z INFO Listener] Culture: en-US
[2026-08-25 11:20:54Z INFO Listener] UI Culture: en-US
[2026-08-25 11:20:54Z INFO HostContext] Well known directory 'Bin': 'D:\profinansy_tests_web\actions-runner\bin'
[2026-08-25 11:20:54Z INFO HostContext] Well known directory 'Root': 'D:\profinansy_tests_web\actions-runner'
[2026-08-25 11:20:54Z INFO Listener] Validating directory permissions for: 'D:\profinansy_tests_web\actions-runner'
[2026-08-25 11:20:54Z INFO CommandLineParser] Parse
[2026-08-25 11:20:54Z INFO CommandLineParser] Parsing 1 args
[2026-08-25 11:20:54Z INFO CommandLineParser] parsing argument
[2026-08-25 11:20:54Z INFO CommandLineParser] HasArgs: False
[2026-08-25 11:20:54Z INFO CommandLineParser] Adding Command: run
[2026-08-25 11:20:54Z INFO Listener] Arguments parsed
[2026-08-25 11:20:54Z INFO Runner] ExecuteCommand
[2026-08-25 11:20:54Z INFO ConfigurationStore] currentAssemblyLocation: D:\profinansy_tests_web\actions-runner\bin\Runner.Listener.dll
[2026-08-25 11:20:54Z INFO HostContext] Well known directory 'Bin': 'D:\profinansy_tests_web\actions-runner\bin'
[2026-08-25 11:20:54Z INFO ConfigurationStore] binPath: D:\profinansy_tests_web\actions-runner\bin
[2026-08-25 11:20:54Z INFO HostContext] Well known directory 'Bin': 'D:\profinansy_tests_web\actions-runner\bin'
[2026-08-25 11:20:54Z INFO HostContext] Well known directory 'Root': 'D:\profinansy_tests_web\actions-runner'
[2026-08-25 11:20:54Z INFO ConfigurationStore] RootFolder: D:\profinansy_tests_web\actions-runner
[2026-08-25 11:20:54Z INFO HostContext] Well known directory 'Bin': 'D:\profinansy_tests_web\actions-runner\bin'
[2026-08-25 11:20:54Z INFO HostContext] Well known directory 'Root': 'D:\profinansy_tests_web\actions-runner'
[2026-08-25 11:20:54Z INFO HostContext] Well known config file 'Runner': 'D:\profinansy_tests_web\actions-runner\.runner'
[2026-08-25 11:20:54Z INFO ConfigurationStore] ConfigFilePath: D:\profinansy_tests_web\actions-runner\.runner
[2026-08-25 11:20:54Z INFO HostContext] Well known directory 'Bin': 'D:\profinansy_tests_web\actions-runner\bin'
[2026-08-25 11:20:54Z INFO HostContext] Well known directory 'Root': 'D:\profinansy_tests_web\actions-runner'
[2026-08-25 11:20:54Z INFO HostContext] Well known config file 'MigratedRunner': 'D:\profinansy_tests_web\actions-runner\.runner_migrated'
[2026-08-25 11:20:54Z INFO ConfigurationStore] MigratedConfigFilePath: D:\profinansy_tests_web\actions-runner\.runner_migrated
[2026-08-25 11:20:54Z INFO HostContext] Well known directory 'Bin': 'D:\profinansy_tests_web\actions-runner\bin'
[2026-08-25 11:20:54Z INFO HostContext] Well known directory 'Root': 'D:\profinansy_tests_web\actions-runner'
[2026-08-25 11:20:54Z INFO HostContext] Well known config file 'Credentials': 'D:\profinansy_tests_web\actions-runner\.credentials'
[2026-08-25 11:20:54Z INFO ConfigurationStore] CredFilePath: D:\profinansy_tests_web\actions-runner\.credentials
[2026-08-25 11:20:54Z INFO HostContext] Well known directory 'Bin': 'D:\profinansy_tests_web\actions-runner\bin'
[2026-08-25 11:20:54Z INFO HostContext] Well known directory 'Root': 'D:\profinansy_tests_web\actions-runner'
[2026-08-25 11:20:54Z INFO HostContext] Well known config file 'MigratedCredentials': 'D:\profinansy_tests_web\actions-runner\.credentials_migrated'
[2026-08-25 11:20:54Z INFO ConfigurationStore] MigratedCredFilePath: D:\profinansy_tests_web\actions-runner\.credentials_migrated
[2026-08-25 11:20:54Z INFO HostContext] Well known directory 'Bin': 'D:\profinansy_tests_web\actions-runner\bin'
[2026-08-25 11:20:54Z INFO HostContext] Well known directory 'Root': 'D:\profinansy_tests_web\actions-runner'
[2026-08-25 11:20:54Z INFO HostContext] Well known config file 'Service': 'D:\profinansy_tests_web\actions-runner\.service'
[2026-08-25 11:20:54Z INFO ConfigurationStore] ServiceConfigFilePath: D:\profinansy_tests_web\actions-runner\.service
[2026-08-25 11:20:54Z INFO CommandSettings] Flag 'help': 'False'
[2026-08-25 11:20:54Z INFO CommandSettings] Flag 'version': 'False'
[2026-08-25 11:20:54Z INFO CommandSettings] Flag 'commit': 'False'
[2026-08-25 11:20:54Z INFO CommandSettings] Flag 'check': 'False'
[2026-08-25 11:20:54Z INFO CommandSettings] Command 'configure': 'False'
[2026-08-25 11:20:54Z INFO CommandSettings] Command 'remove': 'False'
[2026-08-25 11:20:54Z INFO CommandSettings] Command 'warmup': 'False'
[2026-08-25 11:20:54Z INFO ConfigurationManager] LoadSettings
[2026-08-25 11:20:54Z INFO ConfigurationStore] IsConfigured()
[2026-08-25 11:20:54Z INFO ConfigurationStore] IsConfigured: True
[2026-08-25 11:20:54Z INFO ConfigurationManager] Is configured: True
[2026-08-25 11:20:54Z INFO ConfigurationStore] Read setting file: 408 chars
[2026-08-25 11:20:54Z INFO ConfigurationManager] Settings Loaded
[2026-08-25 11:20:54Z INFO ConfigurationStore] IsServiceConfigured()
[2026-08-25 11:20:54Z INFO ConfigurationStore] IsServiceConfigured: False
[2026-08-25 11:20:54Z INFO CommandSettings] Command 'run': 'True'
[2026-08-25 11:20:54Z INFO ConfigurationStore] IsConfigured()
[2026-08-25 11:20:54Z INFO ConfigurationStore] IsConfigured: True
[2026-08-25 11:20:54Z INFO ConfigurationManager] Is configured: True
[2026-08-25 11:20:54Z INFO Runner] Could not parse the argument value '' for StartupType. Defaulting to Manual
[2026-08-25 11:20:54Z INFO Runner] Set runner startup type - Manual
[2026-08-25 11:20:54Z INFO CommandSettings] Flag 'once': 'False'
[2026-08-25 11:20:54Z INFO CommandSettings] Flag 'once': 'False'
[2026-08-25 11:20:54Z INFO Runner] RunAsync
[2026-08-25 11:20:54Z INFO HostContext] Well known directory 'Bin': 'D:\profinansy_tests_web\actions-runner\bin'
[2026-08-25 11:20:54Z INFO HostContext] Well known directory 'Root': 'D:\profinansy_tests_web\actions-runner'
[2026-08-25 11:20:54Z INFO HostContext] Well known directory 'Work': 'D:\profinansy_tests_web\actions-runner\_work'
[2026-08-25 11:20:54Z INFO Runner] Validating directory permissions for: 'D:\profinansy_tests_web\actions-runner\_work'
[2026-08-25 11:20:54Z INFO ConfigurationManager] LoadMigratedSettings
[2026-08-25 11:20:54Z INFO ConfigurationStore] IsMigratedConfigured()
[2026-08-25 11:20:54Z INFO ConfigurationStore] IsMigratedConfigured: False
[2026-08-25 11:20:54Z INFO Runner] Failed to load migrated settings: No migrated configuration found.
[2026-08-25 11:20:54Z INFO Runner] Falling back to original .runner settings
[2026-08-25 11:20:54Z INFO Runner] Using BrokerMessageListener
[2026-08-25 11:20:54Z INFO BrokerMessageListener] Using provided settings
[2026-08-25 11:20:54Z INFO BrokerMessageListener] {
  "AgentId": 21,
  "AgentName": "LAPTOP-63033Q89",
  "PoolId": 1,
  "PoolName": "Default",
  "ServerUrl": "https://pipelinesghubeus26.actions.githubusercontent.com/xxU0y6aUoufkT5GIT4EsNGqJKe1Bvf538hGe4ns44DSEXFgj0K/",
  "GitHubUrl": "https://github.com/Anna-Shirokaya/profinansyweb",
  "WorkFolder": "_work",
  "UseV2Flow": true,
  "ServerUrlV2": "https://broker.actions.githubusercontent.com/"
}
[2026-08-25 11:20:54Z INFO BrokerMessageListener] Loading Credentials
[2026-08-25 11:20:54Z INFO ConfigurationStore] HasCredentials()
[2026-08-25 11:20:54Z INFO ConfigurationStore] stored True
[2026-08-25 11:20:54Z INFO CredentialManager] GetCredentialProvider
[2026-08-25 11:20:54Z INFO CredentialManager] Creating type OAuth
[2026-08-25 11:20:54Z INFO CredentialManager] Creating credential type: OAuth
[2026-08-25 11:20:54Z INFO HostContext] Well known directory 'Bin': 'D:\profinansy_tests_web\actions-runner\bin'
[2026-08-25 11:20:54Z INFO HostContext] Well known directory 'Root': 'D:\profinansy_tests_web\actions-runner'
[2026-08-25 11:20:54Z INFO HostContext] Well known config file 'RSACredentials': 'D:\profinansy_tests_web\actions-runner\.credentials_rsaparams'
[2026-08-25 11:20:54Z INFO RSAEncryptedFileKeyManager] Loading RSA key parameters from file D:\profinansy_tests_web\actions-runner\.credentials_rsaparams
[2026-08-25 11:20:54Z INFO BrokerMessageListener] Attempt to create session.
[2026-08-25 11:20:54Z INFO BrokerMessageListener] Connecting to the Broker Server...
[2026-08-25 11:20:54Z INFO ConfigurationStore] HasCredentials()
[2026-08-25 11:20:54Z INFO ConfigurationStore] stored True
[2026-08-25 11:20:54Z INFO CredentialManager] GetCredentialProvider
[2026-08-25 11:20:54Z INFO CredentialManager] Creating type OAuth
[2026-08-25 11:20:54Z INFO CredentialManager] Creating credential type: OAuth
[2026-08-25 11:20:54Z INFO RSAEncryptedFileKeyManager] Loading RSA key parameters from file D:\profinansy_tests_web\actions-runner\.credentials_rsaparams
[2026-08-25 11:20:54Z INFO BrokerMessageListener] VssConnection created
[2026-08-25 11:20:54Z INFO BrokerMessageListener] Connecting to the Runner server...
[2026-08-25 11:20:54Z INFO RunnerServer] EstablishVssConnection
[2026-08-25 11:20:54Z INFO RunnerServer] Establish connection with 100 seconds timeout.
[2026-08-25 11:20:54Z INFO GitHubActionsService] Starting operation Location.GetConnectionData
[2026-08-25 11:20:55Z INFO RunnerServer] EstablishVssConnection
[2026-08-25 11:20:55Z INFO RunnerServer] Establish connection with 60 seconds timeout.
[2026-08-25 11:20:55Z INFO GitHubActionsService] Starting operation Location.GetConnectionData
[2026-08-25 11:20:55Z INFO RunnerServer] EstablishVssConnection
[2026-08-25 11:20:55Z INFO RunnerServer] Establish connection with 60 seconds timeout.
[2026-08-25 11:20:55Z INFO GitHubActionsService] Starting operation Location.GetConnectionData
